<testsuite name="test_temperature.TestTemperatureAPI-20230420104244" tests="6" time="0.832" failures="0" errors="0">
	<testcase classname="test_temperature.TestTemperatureAPI" name="test_end_date_greater_than_today" time="0.006" />
	<testcase classname="test_temperature.TestTemperatureAPI" name="test_temperature_with_end_before_start" time="0.004" />
	<testcase classname="test_temperature.TestTemperatureAPI" name="test_temperature_with_end_omitted" time="0.342" />
	<testcase classname="test_temperature.TestTemperatureAPI" name="test_temperature_with_invalid_params" time="0.004" />
	<testcase classname="test_temperature.TestTemperatureAPI" name="test_temperature_with_missing_params" time="0.003" />
	<testcase classname="test_temperature.TestTemperatureAPI" name="test_temperature_with_valid_params" time="0.472" />
	<system-out />
	<system-err />
<testcase classname="test_aggregation.TestAggregation" name="test_max_aggregation" time="0.001" />
	<testcase classname="test_aggregation.TestAggregation" name="test_min_aggregation" time="0.000" />
	<testcase classname="test_humidity.TestHumidityAPI" name="test_end_date_greater_than_today" time="0.004" />
	<testcase classname="test_humidity.TestHumidityAPI" name="test_humidity_with_end_before_start" time="0.011" />
	<testcase classname="test_humidity.TestHumidityAPI" name="test_humidity_with_end_omitted" time="0.592" />
	<testcase classname="test_humidity.TestHumidityAPI" name="test_humidity_with_invalid_params" time="0.004" />
	<testcase classname="test_humidity.TestHumidityAPI" name="test_humidity_with_missing_params" time="0.003" />
	<testcase classname="test_humidity.TestHumidityAPI" name="test_humidity_with_valid_params" time="0.406" />
	</testsuite>